#
# There is insufficient memory for the Java Runtime Environment to continue.
# Native memory allocation (malloc) failed to allocate 8317520 bytes. Error detail: Chunk::new
# Possible reasons:
#   The system is out of physical RAM or swap space
#   This process is running with CompressedOops enabled, and the Java Heap may be blocking the growth of the native heap
# Possible solutions:
#   Reduce memory load on the system
#   Increase physical memory or swap space
#   Check if swap backing store is full
#   Decrease Java heap size (-Xmx/-Xms)
#   Decrease number of Java threads
#   Decrease Java thread stack sizes (-Xss)
#   Set larger code cache with -XX:ReservedCodeCacheSize=
#   JVM is running with Unscaled Compressed Oops mode in which the Java heap is
#     placed in the first 4GB address space. The Java Heap base address is the
#     maximum limit for the native heap growth. Please use -XX:HeapBaseMinAddress
#     to set the Java Heap base and to place the Java Heap above 4GB virtual address.
# This output file may be truncated or incomplete.
#
#  Out of Memory Error (arena.cpp:162), pid=30848, tid=32892
#
# JRE version: Java(TM) SE Runtime Environment (24.0.2+12) (build 24.0.2+12-54)
# Java VM: Java HotSpot(TM) 64-Bit Server VM (24.0.2+12-54, mixed mode, sharing, tiered, compressed oops, compressed class ptrs, g1 gc, windows-amd64)
# No core dump will be written. Minidumps are not enabled by default on client versions of Windows
#

---------------  S U M M A R Y ------------

Command Line: -javaagent:C:\Program Files\JetBrains\IntelliJ IDEA Community Edition 2025.1.2\lib\idea_rt.jar=57430 -Dfile.encoding=UTF-8 -Dsun.stdout.encoding=UTF-8 -Dsun.stderr.encoding=UTF-8 edu.school.project.Main

Host: 12th Gen Intel(R) Core(TM) i5-1235U, 12 cores, 7G,  Windows 11 , 64 bit Build 26100 (10.0.26100.7705)
Time: Wed Mar 11 17:22:52 2026 India Standard Time elapsed time: 3.798356 seconds (0d 0h 0m 3s)

---------------  T H R E A D  ---------------

Current thread (0x0000027de846dfe0):  JavaThread "C2 CompilerThread0" daemon [_thread_in_native, id=32892, stack(0x000000beb7100000,0x000000beb7200000) (1024K)]


Current CompileTask:
C2:3798 1718       4       jdk.internal.classfile.impl.StackMapGenerator::processBlock (2767 bytes)

Stack: [0x000000beb7100000,0x000000beb7200000]
Native frames: (J=compiled Java code, j=interpreted, Vv=VM code, C=native code)
V  [jvm.dll+0x730829]  (no source info available)
V  [jvm.dll+0x8d9da3]  (no source info available)
V  [jvm.dll+0x8dc28d]  (no source info available)
V  [jvm.dll+0x8dc903]  (no source info available)
V  [jvm.dll+0x2a9f56]  (no source info available)
V  [jvm.dll+0xced7f]  (no source info available)
V  [jvm.dll+0xcefdf]  (no source info available)
V  [jvm.dll+0x154c83]  (no source info available)
V  [jvm.dll+0x73604f]  (no source info available)
V  [jvm.dll+0x26f8dc]  (no source info available)
V  [jvm.dll+0x26e8ff]  (no source info available)
V  [jvm.dll+0x1e9c90]  (no source info available)
V  [jvm.dll+0x27e0cb]  (no source info available)
V  [jvm.dll+0x27c36a]  (no source info available)
V  [jvm.dll+0x42f396]  (no source info available)
V  [jvm.dll+0x87d9eb]  (no source info available)
V  [jvm.dll+0x72ef45]  (no source info available)
C  [ucrtbase.dll+0x37b0]  (no source info available)
C  [KERNEL32.DLL+0x2e8d7]  (no source info available)
C  [ntdll.dll+0x8c40c]  (no source info available)

Lock stack of current Java thread (top to bottom):


---------------  P R O C E S S  ---------------

Threads class SMR info:
_java_thread_list=0x0000027dc5fed020, length=24, elements={
0x0000027dcb2615e0, 0x0000027de845db10, 0x0000027de8460260, 0x0000027de84632e0,
0x0000027de8465160, 0x0000027de8466930, 0x0000027de8467590, 0x0000027de846dfe0,
0x0000027de84772f0, 0x0000027dc51cbf90, 0x0000027dc53595a0, 0x0000027dc535bcf0,
0x0000027dc5a186d0, 0x0000027dc5b26d00, 0x0000027dc5fe1e50, 0x0000027dc5fe95c0,
0x0000027dc5fe9d00, 0x0000027dc5fea850, 0x0000027dc5b3bbf0, 0x0000027dc5b3b4a0,
0x0000027dc5b3c340, 0x0000027dc5b3ca90, 0x0000027dc5b3d1e0, 0x0000027dc5b3d930
}

Java Threads: ( => current thread )
  0x0000027dcb2615e0 JavaThread "Forwarding newSession on session null to remote"        [_thread_blocked, id=31388, stack(0x000000beb6300000,0x000000beb6400000) (1024K)]
  0x0000027de845db10 JavaThread "Reference Handler"          daemon [_thread_blocked, id=34012, stack(0x000000beb6b00000,0x000000beb6c00000) (1024K)]
  0x0000027de8460260 JavaThread "Finalizer"                  daemon [_thread_blocked, id=13692, stack(0x000000beb6c00000,0x000000beb6d00000) (1024K)]
  0x0000027de84632e0 JavaThread "Signal Dispatcher"          daemon [_thread_blocked, id=33680, stack(0x000000beb6d00000,0x000000beb6e00000) (1024K)]
  0x0000027de8465160 JavaThread "Attach Listener"            daemon [_thread_blocked, id=10252, stack(0x000000beb6e00000,0x000000beb6f00000) (1024K)]
  0x0000027de8466930 JavaThread "Service Thread"             daemon [_thread_blocked, id=33100, stack(0x000000beb6f00000,0x000000beb7000000) (1024K)]
  0x0000027de8467590 JavaThread "Monitor Deflation Thread"   daemon [_thread_blocked, id=33224, stack(0x000000beb7000000,0x000000beb7100000) (1024K)]
=>0x0000027de846dfe0 JavaThread "C2 CompilerThread0"         daemon [_thread_in_native, id=32892, stack(0x000000beb7100000,0x000000beb7200000) (1024K)]
  0x0000027de84772f0 JavaThread "C1 CompilerThread0"         daemon [_thread_blocked, id=19808, stack(0x000000beb7200000,0x000000beb7300000) (1024K)]
  0x0000027dc51cbf90 JavaThread "Common-Cleaner"             daemon [_thread_blocked, id=8560, stack(0x000000beb7400000,0x000000beb7500000) (1024K)]
  0x0000027dc53595a0 JavaThread "Monitor Ctrl-Break"         daemon [_thread_in_native, id=14572, stack(0x000000beb7500000,0x000000beb7600000) (1024K)]
  0x0000027dc535bcf0 JavaThread "Notification Thread"        daemon [_thread_blocked, id=16496, stack(0x000000beb7600000,0x000000beb7700000) (1024K)]
  0x0000027dc5a186d0 JavaThread "ForkJoinPool.commonPool-worker-1" daemon [_thread_blocked, id=23848, stack(0x000000beb7700000,0x000000beb7800000) (1024K)]
  0x0000027dc5b26d00 JavaThread "HttpClient-1-SelectorManager" daemon [_thread_in_native, id=8684, stack(0x000000beb7300000,0x000000beb7400000) (1024K)]
  0x0000027dc5fe1e50 JavaThread "External Process Output Forwarder - C:\Users\Prathyusha\.cache\selenium\chromedriver\win64\145.0.7632.117\chromedriver.exe" daemon [_thread_in_native, id=34420, stack(0x000000beb7800000,0x000000beb7900000) (1024K)]
  0x0000027dc5fe95c0 JavaThread "Driver Service Executor"    daemon [_thread_blocked, id=4284, stack(0x000000beb7900000,0x000000beb7a00000) (1024K)]
  0x0000027dc5fe9d00 JavaThread "Driver Service Executor"    daemon [_thread_in_native, id=34084, stack(0x000000beb7a00000,0x000000beb7b00000) (1024K)]
  0x0000027dc5fea850 JavaThread "UrlChecker-2"               daemon [_thread_blocked, id=34164, stack(0x000000beb7b00000,0x000000beb7c00000) (1024K)]
  0x0000027dc5b3bbf0 JavaThread "Keep-Alive-Timer"           daemon [_thread_blocked, id=32708, stack(0x000000beb7d00000,0x000000beb7e00000) (1024K)]
  0x0000027dc5b3b4a0 JavaThread "JdkHttpClient-0-0"          daemon [_thread_blocked, id=1076, stack(0x000000beb7e00000,0x000000beb7f00000) (1024K)]
  0x0000027dc5b3c340 JavaThread "CompletableFutureDelayScheduler" daemon [_thread_blocked, id=9616, stack(0x000000beb7f00000,0x000000beb8000000) (1024K)]
  0x0000027dc5b3ca90 JavaThread "JdkHttpClient-0-1"          daemon [_thread_blocked, id=9336, stack(0x000000beb8000000,0x000000beb8100000) (1024K)]
  0x0000027dc5b3d1e0 JavaThread "JdkHttpClient-0-2"          daemon [_thread_blocked, id=24212, stack(0x000000beb8100000,0x000000beb8200000) (1024K)]
  0x0000027dc5b3d930 JavaThread "JdkHttpClient-0-3"          daemon [_thread_blocked, id=33928, stack(0x000000beb8200000,0x000000beb8300000) (1024K)]
Total: 24

Other Threads:
  0x0000027de844d540 VMThread "VM Thread"                           [id=9672, stack(0x000000beb6a00000,0x000000beb6b00000) (1024K)]
  0x0000027de831e450 WatcherThread "VM Periodic Task Thread"        [id=31952, stack(0x000000beb6900000,0x000000beb6a00000) (1024K)]
  0x0000027dcb2ba730 WorkerThread "GC Thread#0"                     [id=12692, stack(0x000000beb6400000,0x000000beb6500000) (1024K)]
  0x0000027dcb2ce9c0 ConcurrentGCThread "G1 Main Marker"            [id=32668, stack(0x000000beb6500000,0x000000beb6600000) (1024K)]
  0x0000027dcb2cf480 WorkerThread "G1 Conc#0"                       [id=31680, stack(0x000000beb6600000,0x000000beb6700000) (1024K)]
  0x0000027dcb31e920 ConcurrentGCThread "G1 Refine#0"               [id=20020, stack(0x000000beb6700000,0x000000beb6800000) (1024K)]
  0x0000027de830f5e0 ConcurrentGCThread "G1 Service"                [id=24396, stack(0x000000beb6800000,0x000000beb6900000) (1024K)]
Total: 7

Threads with active compile tasks:
C2 CompilerThread0  4843 1718       4       jdk.internal.classfile.impl.StackMapGenerator::processBlock (2767 bytes)
Total: 1

VM state: not at safepoint (normal execution)

VM Mutex/Monitor currently owned by a thread: None

Heap address: 0x0000000085200000, size: 1966 MB, Compressed Oops mode: 32-bit

CDS archive(s) mapped at: [0x0000027d80000000-0x0000027d80d40000-0x0000027d80d40000), size 13893632, SharedBaseAddress: 0x0000027d80000000, ArchiveRelocationMode: 1.
Compressed class space mapped at: 0x0000027d81000000-0x0000027dc1000000, reserved size: 1073741824
UseCompressedClassPointers 1, UseCompactObjectHeaders 0
Narrow klass pointer bits 32, Max shift 3
Narrow klass base: 0x0000027d80000000, Narrow klass shift: 0
Encoding Range: [0x0000027d80000000 - 0x0000027e80000000), (4294967296 bytes)
Klass Range:    [0x0000027d80000000 - 0x0000027dc1000000), (1090519040 bytes)
Klass ID Range:  [8 - 1090519033) (1090519025)

GC Precious Log:
 CardTable entry size: 512
 Card Set container configuration: InlinePtr #cards 5 size 8 Array Of Cards #cards 10 size 36 Howl #buckets 4 coarsen threshold 1843 Howl Bitmap #cards 512 size 80 coarsen threshold 460 Card regions per heap region 1 cards per card region 2048
 CPUs: 12 total, 12 available
 Memory: 7863M
 Large Page Support: Disabled
 NUMA Support: Disabled
 Compressed Oops: Enabled (32-bit)
 Heap Region Size: 1M
 Heap Min Capacity: 8M
 Heap Initial Capacity: 124M
 Heap Max Capacity: 1966M
 Pre-touch: Disabled
 Parallel Workers: 10
 Concurrent Workers: 3
 Concurrent Refinement Workers: 10
 Periodic GC: Disabled

Heap:
 garbage-first heap   total reserved 2013184K, committed 129024K, used 39028K [0x0000000085200000, 0x0000000100000000)
  region size 1024K, 38 young (38912K), 0 survivors (0K)
 Metaspace       used 10665K, committed 10944K, reserved 1114112K
  class space    used 1091K, committed 1216K, reserved 1048576K

Heap Regions: E=young(eden), S=young(survivor), O=old, HS=humongous(starts), HC=humongous(continues), CS=collection set, F=free, TAMS=top-at-mark-start, PB=parsable bottom
|   0|0x0000000085200000, 0x0000000085300000, 0x0000000085300000|100%|HS|  |TAMS 0x0000000085200000| PB 0x0000000085200000| Complete |  0
|   1|0x0000000085300000, 0x0000000085300000, 0x0000000085400000|  0%| F|  |TAMS 0x0000000085300000| PB 0x0000000085300000| Untracked |  0
|   2|0x0000000085400000, 0x0000000085400000, 0x0000000085500000|  0%| F|  |TAMS 0x0000000085400000| PB 0x0000000085400000| Untracked |  0
|   3|0x0000000085500000, 0x0000000085500000, 0x0000000085600000|  0%| F|  |TAMS 0x0000000085500000| PB 0x0000000085500000| Untracked |  0
|   4|0x0000000085600000, 0x0000000085600000, 0x0000000085700000|  0%| F|  |TAMS 0x0000000085600000| PB 0x0000000085600000| Untracked |  0
|   5|0x0000000085700000, 0x0000000085700000, 0x0000000085800000|  0%| F|  |TAMS 0x0000000085700000| PB 0x0000000085700000| Untracked |  0
|   6|0x0000000085800000, 0x0000000085800000, 0x0000000085900000|  0%| F|  |TAMS 0x0000000085800000| PB 0x0000000085800000| Untracked |  0
|   7|0x0000000085900000, 0x0000000085900000, 0x0000000085a00000|  0%| F|  |TAMS 0x0000000085900000| PB 0x0000000085900000| Untracked |  0
|   8|0x0000000085a00000, 0x0000000085a00000, 0x0000000085b00000|  0%| F|  |TAMS 0x0000000085a00000| PB 0x0000000085a00000| Untracked |  0
|   9|0x0000000085b00000, 0x0000000085b00000, 0x0000000085c00000|  0%| F|  |TAMS 0x0000000085b00000| PB 0x0000000085b00000| Untracked |  0
|  10|0x0000000085c00000, 0x0000000085c00000, 0x0000000085d00000|  0%| F|  |TAMS 0x0000000085c00000| PB 0x0000000085c00000| Untracked |  0
|  11|0x0000000085d00000, 0x0000000085d00000, 0x0000000085e00000|  0%| F|  |TAMS 0x0000000085d00000| PB 0x0000000085d00000| Untracked |  0
|  12|0x0000000085e00000, 0x0000000085e00000, 0x0000000085f00000|  0%| F|  |TAMS 0x0000000085e00000| PB 0x0000000085e00000| Untracked |  0
|  13|0x0000000085f00000, 0x0000000085f00000, 0x0000000086000000|  0%| F|  |TAMS 0x0000000085f00000| PB 0x0000000085f00000| Untracked |  0
|  14|0x0000000086000000, 0x0000000086000000, 0x0000000086100000|  0%| F|  |TAMS 0x0000000086000000| PB 0x0000000086000000| Untracked |  0
|  15|0x0000000086100000, 0x0000000086100000, 0x0000000086200000|  0%| F|  |TAMS 0x0000000086100000| PB 0x0000000086100000| Untracked |  0
|  16|0x0000000086200000, 0x0000000086200000, 0x0000000086300000|  0%| F|  |TAMS 0x0000000086200000| PB 0x0000000086200000| Untracked |  0
|  17|0x0000000086300000, 0x0000000086300000, 0x0000000086400000|  0%| F|  |TAMS 0x0000000086300000| PB 0x0000000086300000| Untracked |  0
|  18|0x0000000086400000, 0x0000000086400000, 0x0000000086500000|  0%| F|  |TAMS 0x0000000086400000| PB 0x0000000086400000| Untracked |  0
|  19|0x0000000086500000, 0x0000000086500000, 0x0000000086600000|  0%| F|  |TAMS 0x0000000086500000| PB 0x0000000086500000| Untracked |  0
|  20|0x0000000086600000, 0x0000000086600000, 0x0000000086700000|  0%| F|  |TAMS 0x0000000086600000| PB 0x0000000086600000| Untracked |  0
|  21|0x0000000086700000, 0x0000000086700000, 0x0000000086800000|  0%| F|  |TAMS 0x0000000086700000| PB 0x0000000086700000| Untracked |  0
|  22|0x0000000086800000, 0x0000000086800000, 0x0000000086900000|  0%| F|  |TAMS 0x0000000086800000| PB 0x0000000086800000| Untracked |  0
|  23|0x0000000086900000, 0x0000000086900000, 0x0000000086a00000|  0%| F|  |TAMS 0x0000000086900000| PB 0x0000000086900000| Untracked |  0
|  24|0x0000000086a00000, 0x0000000086a00000, 0x0000000086b00000|  0%| F|  |TAMS 0x0000000086a00000| PB 0x0000000086a00000| Untracked |  0
|  25|0x0000000086b00000, 0x0000000086b00000, 0x0000000086c00000|  0%| F|  |TAMS 0x0000000086b00000| PB 0x0000000086b00000| Untracked |  0
|  26|0x0000000086c00000, 0x0000000086c00000, 0x0000000086d00000|  0%| F|  |TAMS 0x0000000086c00000| PB 0x0000000086c00000| Untracked |  0
|  27|0x0000000086d00000, 0x0000000086d00000, 0x0000000086e00000|  0%| F|  |TAMS 0x0000000086d00000| PB 0x0000000086d00000| Untracked |  0
|  28|0x0000000086e00000, 0x0000000086e00000, 0x0000000086f00000|  0%| F|  |TAMS 0x0000000086e00000| PB 0x0000000086e00000| Untracked |  0
|  29|0x0000000086f00000, 0x0000000086f00000, 0x0000000087000000|  0%| F|  |TAMS 0x0000000086f00000| PB 0x0000000086f00000| Untracked |  0
|  30|0x0000000087000000, 0x0000000087000000, 0x0000000087100000|  0%| F|  |TAMS 0x0000000087000000| PB 0x0000000087000000| Untracked |  0
|  31|0x0000000087100000, 0x0000000087100000, 0x0000000087200000|  0%| F|  |TAMS 0x0000000087100000| PB 0x0000000087100000| Untracked |  0
|  32|0x0000000087200000, 0x0000000087200000, 0x0000000087300000|  0%| F|  |TAMS 0x0000000087200000| PB 0x0000000087200000| Untracked |  0
|  33|0x0000000087300000, 0x0000000087300000, 0x0000000087400000|  0%| F|  |TAMS 0x0000000087300000| PB 0x0000000087300000| Untracked |  0
|  34|0x0000000087400000, 0x0000000087400000, 0x0000000087500000|  0%| F|  |TAMS 0x0000000087400000| PB 0x0000000087400000| Untracked |  0
|  35|0x0000000087500000, 0x0000000087500000, 0x0000000087600000|  0%| F|  |TAMS 0x0000000087500000| PB 0x0000000087500000| Untracked |  0
|  36|0x0000000087600000, 0x0000000087600000, 0x0000000087700000|  0%| F|  |TAMS 0x0000000087600000| PB 0x0000000087600000| Untracked |  0
|  37|0x0000000087700000, 0x0000000087700000, 0x0000000087800000|  0%| F|  |TAMS 0x0000000087700000| PB 0x0000000087700000| Untracked |  0
|  38|0x0000000087800000, 0x0000000087800000, 0x0000000087900000|  0%| F|  |TAMS 0x0000000087800000| PB 0x0000000087800000| Untracked |  0
|  39|0x0000000087900000, 0x0000000087900000, 0x0000000087a00000|  0%| F|  |TAMS 0x0000000087900000| PB 0x0000000087900000| Untracked |  0
|  40|0x0000000087a00000, 0x0000000087a00000, 0x0000000087b00000|  0%| F|  |TAMS 0x0000000087a00000| PB 0x0000000087a00000| Untracked |  0
|  41|0x0000000087b00000, 0x0000000087b00000, 0x0000000087c00000|  0%| F|  |TAMS 0x0000000087b00000| PB 0x0000000087b00000| Untracked |  0
|  42|0x0000000087c00000, 0x0000000087c00000, 0x0000000087d00000|  0%| F|  |TAMS 0x0000000087c00000| PB 0x0000000087c00000| Untracked |  0
|  43|0x0000000087d00000, 0x0000000087d00000, 0x0000000087e00000|  0%| F|  |TAMS 0x0000000087d00000| PB 0x0000000087d00000| Untracked |  0
|  44|0x0000000087e00000, 0x0000000087e00000, 0x0000000087f00000|  0%| F|  |TAMS 0x0000000087e00000| PB 0x0000000087e00000| Untracked |  0
|  45|0x0000000087f00000, 0x0000000087f00000, 0x0000000088000000|  0%| F|  |TAMS 0x0000000087f00000| PB 0x0000000087f00000| Untracked |  0
|  46|0x0000000088000000, 0x0000000088000000, 0x0000000088100000|  0%| F|  |TAMS 0x0000000088000000| PB 0x0000000088000000| Untracked |  0
|  47|0x0000000088100000, 0x0000000088100000, 0x0000000088200000|  0%| F|  |TAMS 0x0000000088100000| PB 0x0000000088100000| Untracked |  0
|  48|0x0000000088200000, 0x0000000088200000, 0x0000000088300000|  0%| F|  |TAMS 0x0000000088200000| PB 0x0000000088200000| Untracked |  0
|  49|0x0000000088300000, 0x0000000088300000, 0x0000000088400000|  0%| F|  |TAMS 0x0000000088300000| PB 0x0000000088300000| Untracked |  0
|  50|0x0000000088400000, 0x0000000088400000, 0x0000000088500000|  0%| F|  |TAMS 0x0000000088400000| PB 0x0000000088400000| Untracked |  0
|  51|0x0000000088500000, 0x0000000088500000, 0x0000000088600000|  0%| F|  |TAMS 0x0000000088500000| PB 0x0000000088500000| Untracked |  0
|  52|0x0000000088600000, 0x0000000088600000, 0x0000000088700000|  0%| F|  |TAMS 0x0000000088600000| PB 0x0000000088600000| Untracked |  0
|  53|0x0000000088700000, 0x0000000088700000, 0x0000000088800000|  0%| F|  |TAMS 0x0000000088700000| PB 0x0000000088700000| Untracked |  0
|  54|0x0000000088800000, 0x0000000088800000, 0x0000000088900000|  0%| F|  |TAMS 0x0000000088800000| PB 0x0000000088800000| Untracked |  0
|  55|0x0000000088900000, 0x0000000088900000, 0x0000000088a00000|  0%| F|  |TAMS 0x0000000088900000| PB 0x0000000088900000| Untracked |  0
|  56|0x0000000088a00000, 0x0000000088a00000, 0x0000000088b00000|  0%| F|  |TAMS 0x0000000088a00000| PB 0x0000000088a00000| Untracked |  0
|  57|0x0000000088b00000, 0x0000000088b00000, 0x0000000088c00000|  0%| F|  |TAMS 0x0000000088b00000| PB 0x0000000088b00000| Untracked |  0
|  58|0x0000000088c00000, 0x0000000088c00000, 0x0000000088d00000|  0%| F|  |TAMS 0x0000000088c00000| PB 0x0000000088c00000| Untracked |  0
|  59|0x0000000088d00000, 0x0000000088d00000, 0x0000000088e00000|  0%| F|  |TAMS 0x0000000088d00000| PB 0x0000000088d00000| Untracked |  0
|  60|0x0000000088e00000, 0x0000000088e00000, 0x0000000088f00000|  0%| F|  |TAMS 0x0000000088e00000| PB 0x0000000088e00000| Untracked |  0
|  61|0x0000000088f00000, 0x0000000088f00000, 0x0000000089000000|  0%| F|  |TAMS 0x0000000088f00000| PB 0x0000000088f00000| Untracked |  0
|  62|0x0000000089000000, 0x0000000089000000, 0x0000000089100000|  0%| F|  |TAMS 0x0000000089000000| PB 0x0000000089000000| Untracked |  0
|  63|0x0000000089100000, 0x0000000089100000, 0x0000000089200000|  0%| F|  |TAMS 0x0000000089100000| PB 0x0000000089100000| Untracked |  0
|  64|0x0000000089200000, 0x0000000089200000, 0x0000000089300000|  0%| F|  |TAMS 0x0000000089200000| PB 0x0000000089200000| Untracked |  0
|  65|0x0000000089300000, 0x0000000089300000, 0x0000000089400000|  0%| F|  |TAMS 0x0000000089300000| PB 0x0000000089300000| Untracked |  0
|  66|0x0000000089400000, 0x0000000089400000, 0x0000000089500000|  0%| F|  |TAMS 0x0000000089400000| PB 0x0000000089400000| Untracked |  0
|  67|0x0000000089500000, 0x0000000089500000, 0x0000000089600000|  0%| F|  |TAMS 0x0000000089500000| PB 0x0000000089500000| Untracked |  0
|  68|0x0000000089600000, 0x0000000089600000, 0x0000000089700000|  0%| F|  |TAMS 0x0000000089600000| PB 0x0000000089600000| Untracked |  0
|  69|0x0000000089700000, 0x0000000089700000, 0x0000000089800000|  0%| F|  |TAMS 0x0000000089700000| PB 0x0000000089700000| Untracked |  0
|  70|0x0000000089800000, 0x0000000089800000, 0x0000000089900000|  0%| F|  |TAMS 0x0000000089800000| PB 0x0000000089800000| Untracked |  0
|  71|0x0000000089900000, 0x0000000089900000, 0x0000000089a00000|  0%| F|  |TAMS 0x0000000089900000| PB 0x0000000089900000| Untracked |  0
|  72|0x0000000089a00000, 0x0000000089a00000, 0x0000000089b00000|  0%| F|  |TAMS 0x0000000089a00000| PB 0x0000000089a00000| Untracked |  0
|  73|0x0000000089b00000, 0x0000000089b00000, 0x0000000089c00000|  0%| F|  |TAMS 0x0000000089b00000| PB 0x0000000089b00000| Untracked |  0
|  74|0x0000000089c00000, 0x0000000089c00000, 0x0000000089d00000|  0%| F|  |TAMS 0x0000000089c00000| PB 0x0000000089c00000| Untracked |  0
|  75|0x0000000089d00000, 0x0000000089d00000, 0x0000000089e00000|  0%| F|  |TAMS 0x0000000089d00000| PB 0x0000000089d00000| Untracked |  0
|  76|0x0000000089e00000, 0x0000000089e00000, 0x0000000089f00000|  0%| F|  |TAMS 0x0000000089e00000| PB 0x0000000089e00000| Untracked |  0
|  77|0x0000000089f00000, 0x0000000089f00000, 0x000000008a000000|  0%| F|  |TAMS 0x0000000089f00000| PB 0x0000000089f00000| Untracked |  0
|  78|0x000000008a000000, 0x000000008a000000, 0x000000008a100000|  0%| F|  |TAMS 0x000000008a000000| PB 0x000000008a000000| Untracked |  0
|  79|0x000000008a100000, 0x000000008a100000, 0x000000008a200000|  0%| F|  |TAMS 0x000000008a100000| PB 0x000000008a100000| Untracked |  0
|  80|0x000000008a200000, 0x000000008a200000, 0x000000008a300000|  0%| F|  |TAMS 0x000000008a200000| PB 0x000000008a200000| Untracked |  0
|  81|0x000000008a300000, 0x000000008a300000, 0x000000008a400000|  0%| F|  |TAMS 0x000000008a300000| PB 0x000000008a300000| Untracked |  0
|  82|0x000000008a400000, 0x000000008a400000, 0x000000008a500000|  0%| F|  |TAMS 0x000000008a400000| PB 0x000000008a400000| Untracked |  0
|  83|0x000000008a500000, 0x000000008a500000, 0x000000008a600000|  0%| F|  |TAMS 0x000000008a500000| PB 0x000000008a500000| Untracked |  0
|  84|0x000000008a600000, 0x000000008a600000, 0x000000008a700000|  0%| F|  |TAMS 0x000000008a600000| PB 0x000000008a600000| Untracked |  0
|  85|0x000000008a700000, 0x000000008a700000, 0x000000008a800000|  0%| F|  |TAMS 0x000000008a700000| PB 0x000000008a700000| Untracked |  0
|  86|0x000000008a800000, 0x000000008a880000, 0x000000008a900000| 50%| E|  |TAMS 0x000000008a800000| PB 0x000000008a800000| Complete |  0
|  87|0x000000008a900000, 0x000000008aa00000, 0x000000008aa00000|100%| E|CS|TAMS 0x000000008a900000| PB 0x000000008a900000| Complete |  0
|  88|0x000000008aa00000, 0x000000008ab00000, 0x000000008ab00000|100%| E|CS|TAMS 0x000000008aa00000| PB 0x000000008aa00000| Complete |  0
|  89|0x000000008ab00000, 0x000000008ac00000, 0x000000008ac00000|100%| E|CS|TAMS 0x000000008ab00000| PB 0x000000008ab00000| Complete |  0
|  90|0x000000008ac00000, 0x000000008ad00000, 0x000000008ad00000|100%| E|CS|TAMS 0x000000008ac00000| PB 0x000000008ac00000| Complete |  0
|  91|0x000000008ad00000, 0x000000008ae00000, 0x000000008ae00000|100%| E|CS|TAMS 0x000000008ad00000| PB 0x000000008ad00000| Complete |  0
|  92|0x000000008ae00000, 0x000000008af00000, 0x000000008af00000|100%| E|CS|TAMS 0x000000008ae00000| PB 0x000000008ae00000| Complete |  0
|  93|0x000000008af00000, 0x000000008b000000, 0x000000008b000000|100%| E|CS|TAMS 0x000000008af00000| PB 0x000000008af00000| Complete |  0
|  94|0x000000008b000000, 0x000000008b100000, 0x000000008b100000|100%| E|CS|TAMS 0x000000008b000000| PB 0x000000008b000000| Complete |  0
|  95|0x000000008b100000, 0x000000008b200000, 0x000000008b200000|100%| E|CS|TAMS 0x000000008b100000| PB 0x000000008b100000| Complete |  0
|  96|0x000000008b200000, 0x000000008b300000, 0x000000008b300000|100%| E|CS|TAMS 0x000000008b200000| PB 0x000000008b200000| Complete |  0
|  97|0x000000008b300000, 0x000000008b400000, 0x000000008b400000|100%| E|CS|TAMS 0x000000008b300000| PB 0x000000008b300000| Complete |  0
|  98|0x000000008b400000, 0x000000008b500000, 0x000000008b500000|100%| E|CS|TAMS 0x000000008b400000| PB 0x000000008b400000| Complete |  0
|  99|0x000000008b500000, 0x000000008b600000, 0x000000008b600000|100%| E|CS|TAMS 0x000000008b500000| PB 0x000000008b500000| Complete |  0
| 100|0x000000008b600000, 0x000000008b700000, 0x000000008b700000|100%| E|CS|TAMS 0x000000008b600000| PB 0x000000008b600000| Complete |  0
| 101|0x000000008b700000, 0x000000008b800000, 0x000000008b800000|100%| E|CS|TAMS 0x000000008b700000| PB 0x000000008b700000| Complete |  0
| 102|0x000000008b800000, 0x000000008b900000, 0x000000008b900000|100%| E|CS|TAMS 0x000000008b800000| PB 0x000000008b800000| Complete |  0
| 103|0x000000008b900000, 0x000000008ba00000, 0x000000008ba00000|100%| E|CS|TAMS 0x000000008b900000| PB 0x000000008b900000| Complete |  0
| 104|0x000000008ba00000, 0x000000008bb00000, 0x000000008bb00000|100%| E|  |TAMS 0x000000008ba00000| PB 0x000000008ba00000| Complete |  0
| 105|0x000000008bb00000, 0x000000008bc00000, 0x000000008bc00000|100%| E|CS|TAMS 0x000000008bb00000| PB 0x000000008bb00000| Complete |  0
| 106|0x000000008bc00000, 0x000000008bd00000, 0x000000008bd00000|100%| E|CS|TAMS 0x000000008bc00000| PB 0x000000008bc00000| Complete |  0
| 107|0x000000008bd00000, 0x000000008be00000, 0x000000008be00000|100%| E|CS|TAMS 0x000000008bd00000| PB 0x000000008bd00000| Complete |  0
| 108|0x000000008be00000, 0x000000008bf00000, 0x000000008bf00000|100%| E|CS|TAMS 0x000000008be00000| PB 0x000000008be00000| Complete |  0
| 109|0x000000008bf00000, 0x000000008c000000, 0x000000008c000000|100%| E|CS|TAMS 0x000000008bf00000| PB 0x000000008bf00000| Complete |  0
| 110|0x000000008c000000, 0x000000008c100000, 0x000000008c100000|100%| E|CS|TAMS 0x000000008c000000| PB 0x000000008c000000| Complete |  0
| 111|0x000000008c100000, 0x000000008c200000, 0x000000008c200000|100%| E|CS|TAMS 0x000000008c100000| PB 0x000000008c100000| Complete |  0
| 112|0x000000008c200000, 0x000000008c300000, 0x000000008c300000|100%| E|CS|TAMS 0x000000008c200000| PB 0x000000008c200000| Complete |  0
| 113|0x000000008c300000, 0x000000008c400000, 0x000000008c400000|100%| E|CS|TAMS 0x000000008c300000| PB 0x000000008c300000| Complete |  0
| 114|0x000000008c400000, 0x000000008c500000, 0x000000008c500000|100%| E|CS|TAMS 0x000000008c400000| PB 0x000000008c400000| Complete |  0
| 115|0x000000008c500000, 0x000000008c600000, 0x000000008c600000|100%| E|CS|TAMS 0x000000008c500000| PB 0x000000008c500000| Complete |  0
| 116|0x000000008c600000, 0x000000008c700000, 0x000000008c700000|100%| E|CS|TAMS 0x000000008c600000| PB 0x000000008c600000| Complete |  0
| 117|0x000000008c700000, 0x000000008c800000, 0x000000008c800000|100%| E|CS|TAMS 0x000000008c700000| PB 0x000000008c700000| Complete |  0
| 118|0x000000008c800000, 0x000000008c900000, 0x000000008c900000|100%| E|CS|TAMS 0x000000008c800000| PB 0x000000008c800000| Complete |  0
| 119|0x000000008c900000, 0x000000008ca00000, 0x000000008ca00000|100%| E|CS|TAMS 0x000000008c900000| PB 0x000000008c900000| Complete |  0
| 120|0x000000008ca00000, 0x000000008cb00000, 0x000000008cb00000|100%| E|CS|TAMS 0x000000008ca00000| PB 0x000000008ca00000| Complete |  0
| 121|0x000000008cb00000, 0x000000008cc00000, 0x000000008cc00000|100%| E|CS|TAMS 0x000000008cb00000| PB 0x000000008cb00000| Complete |  0
| 122|0x000000008cc00000, 0x000000008cd00000, 0x000000008cd00000|100%| E|CS|TAMS 0x000000008cc00000| PB 0x000000008cc00000| Complete |  0
| 123|0x000000008cd00000, 0x000000008ce00000, 0x000000008ce00000|100%| E|CS|TAMS 0x000000008cd00000| PB 0x000000008cd00000| Complete |  0
|1964|0x00000000ffe00000, 0x00000000fff00000, 0x00000000fff00000|100%| O|  |TAMS 0x00000000ffe00000| PB 0x00000000ffe00000| Untracked |  0
|1965|0x00000000fff00000, 0x00000000fff1d248, 0x0000000100000000| 11%| O|  |TAMS 0x00000000fff00000| PB 0x00000000fff00000| Untracked |  0

Card table byte_map: [0x0000027de3550000,0x0000027de3930000] _byte_map_base: 0x0000027de3127000

Marking Bits: (CMBitMap*) 0x0000027dcb2bad50
 Bits: [0x0000027de3930000, 0x0000027de57e8000)

Polling page: 0x0000027dc90b0000

Metaspace:

Usage:
  Non-class:      9.35 MB used.
      Class:      1.07 MB used.
       Both:     10.42 MB used.

Virtual space:
  Non-class space:       64.00 MB reserved,       9.50 MB ( 15%) committed,  1 nodes.
      Class space:        1.00 GB reserved,       1.19 MB ( <1%) committed,  1 nodes.
             Both:        1.06 GB reserved,      10.69 MB ( <1%) committed. 

Chunk freelists:
   Non-Class:  6.11 MB
       Class:  14.64 MB
        Both:  20.75 MB

MaxMetaspaceSize: unlimited
CompressedClassSpaceSize: 1.00 GB
Initial GC threshold: 21.00 MB
Current GC threshold: 21.00 MB
CDS: on
 - commit_granule_bytes: 65536.
 - commit_granule_words: 8192.
 - virtual_space_node_default_size: 8388608.
 - enlarge_chunks_in_place: 1.
UseCompressedClassPointers 1, UseCompactObjectHeaders 0
Narrow klass pointer bits 32, Max shift 3
Narrow klass base: 0x0000027d80000000, Narrow klass shift: 0
Encoding Range: [0x0000027d80000000 - 0x0000027e80000000), (4294967296 bytes)
Klass Range:    [0x0000027d80000000 - 0x0000027dc1000000), (1090519040 bytes)
Klass ID Range:  [8 - 1090519033) (1090519025)


Internal statistics:

num_allocs_failed_limit: 0.
num_arena_births: 204.
num_arena_deaths: 0.
num_vsnodes_births: 2.
num_vsnodes_deaths: 0.
num_space_committed: 171.
num_space_uncommitted: 0.
num_chunks_returned_to_freelist: 0.
num_chunks_taken_from_freelist: 416.
num_chunk_merges: 0.
num_chunk_splits: 227.
num_chunks_enlarged: 129.
num_inconsistent_stats: 0.

CodeHeap 'non-profiled nmethods': size=120064Kb used=470Kb max_used=470Kb free=119593Kb
 bounds [0x0000027ddb5c0000, 0x0000027ddb830000, 0x0000027de2b00000]
CodeHeap 'profiled nmethods': size=120000Kb used=2678Kb max_used=2678Kb free=117321Kb
 bounds [0x0000027dd3b00000, 0x0000027dd3da0000, 0x0000027ddb030000]
CodeHeap 'non-nmethods': size=5696Kb used=1362Kb max_used=1382Kb free=4333Kb
 bounds [0x0000027ddb030000, 0x0000027ddb2a0000, 0x0000027ddb5c0000]
CodeCache: size=245760Kb, used=4510Kb, max_used=4530Kb, free=241247Kb
 total_blobs=2251, nmethods=1723, adapters=433, full_count=0
Compilation: enabled, stopped_count=0, restarted_count=0

Compilation events (20 events):
Event: 3.599 Thread 0x0000027de84772f0 1709       3       java.lang.invoke.MethodHandles$Lookup::getDirectConstructorCommon (59 bytes)
Event: 3.599 Thread 0x0000027de84772f0 nmethod 1709 0x0000027dd3d98588 code [0x0000027dd3d98700, 0x0000027dd3d98da0]
Event: 3.599 Thread 0x0000027de84772f0 1711       3       jdk.internal.classfile.impl.DirectClassBuilder::<init> (74 bytes)
Event: 3.600 Thread 0x0000027de84772f0 nmethod 1711 0x0000027dd3d98e08 code [0x0000027dd3d99000, 0x0000027dd3d99da8]
Event: 3.600 Thread 0x0000027de84772f0 1714       3       jdk.internal.misc.Unsafe::storeFence (5 bytes)
Event: 3.600 Thread 0x0000027de84772f0 nmethod 1714 0x0000027dd3d99e08 code [0x0000027dd3d99f20, 0x0000027dd3d9a0c0]
Event: 3.600 Thread 0x0000027de84772f0 1716       1       java.util.concurrent.locks.AbstractQueuedSynchronizer::setState (6 bytes)
Event: 3.600 Thread 0x0000027de84772f0 nmethod 1716 0x0000027ddb635188 code [0x0000027ddb635280, 0x0000027ddb635350]
Event: 3.600 Thread 0x0000027de84772f0 1710       3       java.util.HashSet::contains (9 bytes)
Event: 3.600 Thread 0x0000027de84772f0 nmethod 1710 0x0000027dd3d9a108 code [0x0000027dd3d9a220, 0x0000027dd3d9a3f8]
Event: 3.600 Thread 0x0000027de84772f0 1719       1       java.util.concurrent.locks.AbstractQueuedSynchronizer::getState (5 bytes)
Event: 3.600 Thread 0x0000027de84772f0 nmethod 1719 0x0000027ddb635488 code [0x0000027ddb635580, 0x0000027ddb635648]
Event: 3.600 Thread 0x0000027de84772f0 1720       1       java.util.concurrent.locks.AbstractOwnableSynchronizer::getExclusiveOwnerThread (5 bytes)
Event: 3.600 Thread 0x0000027de84772f0 nmethod 1720 0x0000027ddb635788 code [0x0000027ddb635880, 0x0000027ddb635948]
Event: 3.600 Thread 0x0000027de84772f0 1722       3       java.util.TreeMap::fixAfterInsertion (267 bytes)
Event: 3.601 Thread 0x0000027de84772f0 nmethod 1722 0x0000027dd3d9a408 code [0x0000027dd3d9a840, 0x0000027dd3d9cb80]
Event: 3.604 Thread 0x0000027de84772f0 1723       3       java.util.Optional::of (12 bytes)
Event: 3.604 Thread 0x0000027de84772f0 nmethod 1723 0x0000027dd3d9cc08 code [0x0000027dd3d9cd40, 0x0000027dd3d9d0f0]
Event: 3.606 Thread 0x0000027de84772f0 1724       3       jdk.internal.classfile.impl.DirectClassBuilder::with (33 bytes)
Event: 3.606 Thread 0x0000027de84772f0 nmethod 1724 0x0000027dd3d9d188 code [0x0000027dd3d9d300, 0x0000027dd3d9da90]

GC Heap History (0 events):
No events

Dll operation events (12 events):
Event: 0.020 Loaded shared library C:\Program Files\Java\jdk-24\bin\java.dll
Event: 0.051 Loaded shared library C:\Program Files\Java\jdk-24\bin\jsvml.dll
Event: 0.105 Loaded shared library C:\Program Files\Java\jdk-24\bin\zip.dll
Event: 0.111 Loaded shared library C:\Program Files\Java\jdk-24\bin\instrument.dll
Event: 0.116 Loaded shared library C:\Program Files\Java\jdk-24\bin\net.dll
Event: 0.119 Loaded shared library C:\Program Files\Java\jdk-24\bin\nio.dll
Event: 0.124 Loaded shared library C:\Program Files\Java\jdk-24\bin\zip.dll
Event: 0.221 Loaded shared library C:\Program Files\Java\jdk-24\bin\extnet.dll
Event: 0.243 Loaded shared library C:\Program Files\Java\jdk-24\bin\jimage.dll
Event: 0.305 Loaded shared library C:\Program Files\Java\jdk-24\bin\management.dll
Event: 0.307 Loaded shared library C:\Program Files\Java\jdk-24\bin\management_ext.dll
Event: 2.691 Loaded shared library C:\Program Files\Java\jdk-24\bin\sunmscapi.dll

Deoptimization events (20 events):
Event: 2.491 Thread 0x0000027dcb2615e0 DEOPT PACKING pc=0x0000027dd3ca5e61 sp=0x000000beb63fd090
Event: 2.491 Thread 0x0000027dcb2615e0 DEOPT UNPACKING pc=0x0000027ddb085722 sp=0x000000beb63fc508 mode 0
Event: 2.521 Thread 0x0000027dcb2615e0 DEOPT PACKING pc=0x0000027dd3c9b858 sp=0x000000beb63fd4d0
Event: 2.521 Thread 0x0000027dcb2615e0 DEOPT UNPACKING pc=0x0000027ddb085722 sp=0x000000beb63fc908 mode 0
Event: 2.695 Thread 0x0000027dcb2615e0 Uncommon trap: trap_request=0xffffff4d fr.pc=0x0000027ddb6164f0 relative=0x0000000000000230
Event: 2.695 Thread 0x0000027dcb2615e0 Uncommon trap: reason=unstable_if action=reinterpret pc=0x0000027ddb6164f0 method=java.util.HashMap.putVal(ILjava/lang/Object;Ljava/lang/Object;ZZ)Ljava/lang/Object; @ 162 c2
Event: 2.695 Thread 0x0000027dcb2615e0 DEOPT PACKING pc=0x0000027ddb6164f0 sp=0x000000beb63fc5b0
Event: 2.695 Thread 0x0000027dcb2615e0 DEOPT UNPACKING pc=0x0000027ddb148602 sp=0x000000beb63fc4c8 mode 2
Event: 2.739 Thread 0x0000027dcb2615e0 Uncommon trap: trap_request=0xffffffde fr.pc=0x0000027ddb5ec250 relative=0x00000000000002f0
Event: 2.739 Thread 0x0000027dcb2615e0 Uncommon trap: reason=class_check action=maybe_recompile pc=0x0000027ddb5ec250 method=java.util.regex.Pattern$BmpCharPropertyGreedy.match(Ljava/util/regex/Matcher;ILjava/lang/CharSequence;)Z @ 26 c2
Event: 2.739 Thread 0x0000027dcb2615e0 DEOPT PACKING pc=0x0000027ddb5ec250 sp=0x000000beb63fe0f0
Event: 2.739 Thread 0x0000027dcb2615e0 DEOPT UNPACKING pc=0x0000027ddb148602 sp=0x000000beb63fe0a8 mode 2
Event: 2.739 Thread 0x0000027dcb2615e0 Uncommon trap: trap_request=0xffffffde fr.pc=0x0000027ddb5ec250 relative=0x00000000000002f0
Event: 2.739 Thread 0x0000027dcb2615e0 Uncommon trap: reason=class_check action=maybe_recompile pc=0x0000027ddb5ec250 method=java.util.regex.Pattern$BmpCharPropertyGreedy.match(Ljava/util/regex/Matcher;ILjava/lang/CharSequence;)Z @ 26 c2
Event: 2.739 Thread 0x0000027dcb2615e0 DEOPT PACKING pc=0x0000027ddb5ec250 sp=0x000000beb63fe0f0
Event: 2.739 Thread 0x0000027dcb2615e0 DEOPT UNPACKING pc=0x0000027ddb148602 sp=0x000000beb63fe0a8 mode 2
Event: 3.475 Thread 0x0000027dc5fea850 Uncommon trap: trap_request=0xffffffde fr.pc=0x0000027ddb5ec250 relative=0x00000000000002f0
Event: 3.475 Thread 0x0000027dc5fea850 Uncommon trap: reason=class_check action=maybe_recompile pc=0x0000027ddb5ec250 method=java.util.regex.Pattern$BmpCharPropertyGreedy.match(Ljava/util/regex/Matcher;ILjava/lang/CharSequence;)Z @ 26 c2
Event: 3.475 Thread 0x0000027dc5fea850 DEOPT PACKING pc=0x0000027ddb5ec250 sp=0x000000beb7bfe7f0
Event: 3.475 Thread 0x0000027dc5fea850 DEOPT UNPACKING pc=0x0000027ddb148602 sp=0x000000beb7bfe788 mode 2

Classes loaded (20 events):
Event: 3.594 Loading class java/nio/channels/SelectionKey
Event: 3.594 Loading class java/nio/channels/SelectionKey done
Event: 3.594 Loading class java/nio/channels/spi/AbstractSelectionKey done
Event: 3.594 Loading class sun/nio/ch/SelectionKeyImpl done
Event: 3.594 Loading class java/lang/invoke/ConstantBootstraps
Event: 3.594 Loading class java/lang/invoke/ConstantBootstraps done
Event: 3.595 Loading class java/util/concurrent/CompletableFuture$UniRelay
Event: 3.596 Loading class java/util/concurrent/CompletableFuture$UniRelay done
Event: 3.602 Loading class sun/nio/ch/IOVecWrapper
Event: 3.602 Loading class sun/nio/ch/IOVecWrapper done
Event: 3.602 Loading class sun/nio/ch/IOVecWrapper$1
Event: 3.602 Loading class sun/nio/ch/IOVecWrapper$1 done
Event: 3.602 Loading class sun/nio/ch/AllocatedNativeObject
Event: 3.602 Loading class sun/nio/ch/NativeObject
Event: 3.603 Loading class sun/nio/ch/NativeObject done
Event: 3.603 Loading class sun/nio/ch/AllocatedNativeObject done
Event: 3.604 Loading class java/util/NoSuchElementException
Event: 3.604 Loading class java/util/NoSuchElementException done
Event: 3.605 Loading class java/util/concurrent/CompletableFuture$UniApply
Event: 3.605 Loading class java/util/concurrent/CompletableFuture$UniApply done

Classes unloaded (0 events):
No events

Classes redefined (0 events):
No events

Internal exceptions (20 events):
Event: 2.353 Thread 0x0000027dcb2615e0 Exception <a 'java/lang/NoSuchMethodError'{0x000000008bdb8900}: 'int java.lang.invoke.DirectMethodHandle$Holder.invokeStatic(java.lang.Object, java.lang.Object, java.lang.Object, java.lang.Object)'> (0x000000008bdb8900) 
thrown [s\open\src\hotspot\share\interpreter\linkResolver.cpp, line 805]
Event: 2.406 Thread 0x0000027dcb2615e0 Exception <a 'sun/nio/fs/WindowsException'{0x000000008bcf0d60}> (0x000000008bcf0d60) 
thrown [s\open\src\hotspot\share\prims\jni.cpp, line 518]
Event: 2.460 Thread 0x0000027dcb2615e0 Exception <a 'java/lang/NoSuchMethodError'{0x000000008baf1870}: 'void java.lang.invoke.DirectMethodHandle$Holder.invokeVirtual(java.lang.Object, java.lang.Object)'> (0x000000008baf1870) 
thrown [s\open\src\hotspot\share\interpreter\linkResolver.cpp, line 805]
Event: 2.511 Thread 0x0000027dcb2615e0 Exception <a 'java/lang/NoSuchMethodError'{0x000000008b564e38}: 'java.lang.Object java.lang.invoke.DirectMethodHandle$Holder.invokeStaticInit(java.lang.Object, int, int, int, int)'> (0x000000008b564e38) 
thrown [s\open\src\hotspot\share\interpreter\linkResolver.cpp, line 805]
Event: 2.656 Thread 0x0000027dcb2615e0 Exception <a 'java/lang/NoSuchMethodError'{0x000000008b434ba8}: 'java.lang.Object java.lang.invoke.DirectMethodHandle$Holder.invokeStaticInit(java.lang.Object, java.lang.Object, int, int, int, int)'> (0x000000008b434ba8) 
thrown [s\open\src\hotspot\share\interpreter\linkResolver.cpp, line 805]
Event: 2.737 Thread 0x0000027dcb2615e0 Exception <a 'java/lang/NoSuchMethodError'{0x000000008b206410}: 'java.lang.Object java.lang.invoke.DirectMethodHandle$Holder.invokeInterface(java.lang.Object, java.lang.Object, java.lang.Object)'> (0x000000008b206410) 
thrown [s\open\src\hotspot\share\interpreter\linkResolver.cpp, line 805]
Event: 2.738 Thread 0x0000027dcb2615e0 Exception <a 'java/lang/IncompatibleClassChangeError'{0x000000008b20e468}: Found class java.lang.Object, but interface was expected> (0x000000008b20e468) 
thrown [s\open\src\hotspot\share\interpreter\linkResolver.cpp, line 872]
Event: 2.739 Thread 0x0000027dcb2615e0 Exception <a 'java/lang/NoSuchMethodError'{0x000000008b224da8}: 'int java.lang.invoke.DirectMethodHandle$Holder.invokeSpecialIFC(java.lang.Object, java.lang.Object, java.lang.Object, java.lang.Object)'> (0x000000008b224da8) 
thrown [s\open\src\hotspot\share\interpreter\linkResolver.cpp, line 805]
Event: 2.741 Thread 0x0000027dcb2615e0 Exception <a 'java/lang/NoSuchMethodError'{0x000000008b24d1c8}: 'java.lang.Object java.lang.invoke.DirectMethodHandle$Holder.invokeVirtual(java.lang.Object, java.lang.Object, java.lang.Object, java.lang.Object)'> (0x000000008b24d1c8) 
thrown [s\open\src\hotspot\share\interpreter\linkResolver.cpp, line 805]
Event: 3.481 Thread 0x0000027dc5fea850 Exception <a 'java/net/ConnectException'{0x000000008b18d010}: Connection refused: getsockopt> (0x000000008b18d010) 
thrown [s\open\src\hotspot\share\prims\jni.cpp, line 536]
Event: 3.492 Thread 0x0000027dc5fea850 Exception <a 'java/net/ConnectException'{0x000000008b18e228}: Connection refused: getsockopt> (0x000000008b18e228) 
thrown [s\open\src\hotspot\share\prims\jni.cpp, line 536]
Event: 3.536 Thread 0x0000027dcb2615e0 Exception <a 'java/lang/NoSuchMethodError'{0x000000008ae36fd8}: 'java.lang.Object java.lang.invoke.DirectMethodHandle$Holder.newInvokeSpecial(java.lang.Object, java.lang.Object, int, int)'> (0x000000008ae36fd8) 
thrown [s\open\src\hotspot\share\interpreter\linkResolver.cpp, line 805]
Event: 3.538 Thread 0x0000027dcb2615e0 Exception <a 'java/lang/NoSuchMethodError'{0x000000008ae47e20}: 'void java.lang.invoke.DirectMethodHandle$Holder.invokeStatic(java.lang.Object, java.lang.Object, int)'> (0x000000008ae47e20) 
thrown [s\open\src\hotspot\share\interpreter\linkResolver.cpp, line 805]
Event: 3.545 Thread 0x0000027dcb2615e0 Exception <a 'java/lang/NoSuchMethodError'{0x000000008aec4160}: 'java.lang.Object java.lang.invoke.DirectMethodHandle$Holder.newInvokeSpecial(java.lang.Object, java.lang.Object, java.lang.Object, java.lang.Object, java.lang.Object)'> (0x000000008aec4160) 
thrown [s\open\src\hotspot\share\interpreter\linkResolver.cpp, line 805]
Event: 3.577 Thread 0x0000027dc5b3b4a0 Exception <a 'java/lang/NoSuchMethodError'{0x000000008ace0378}: 'java.lang.Object java.lang.invoke.DirectMethodHandle$Holder.invokeSpecial(java.lang.Object, java.lang.Object, java.lang.Object, java.lang.Object, java.lang.Object, int)'> (0x000000008ace0378) 
thrown [s\open\src\hotspot\share\interpreter\linkResolver.cpp, line 805]
Event: 3.577 Thread 0x0000027dc5b3b4a0 Exception <a 'java/lang/NoSuchMethodError'{0x000000008acf07d8}: 'java.lang.Object java.lang.invoke.Invokers$Holder.linkToTargetMethod(java.lang.Object, java.lang.Object, int, java.lang.Object)'> (0x000000008acf07d8) 
thrown [s\open\src\hotspot\share\interpreter\linkResolver.cpp, line 805]
Event: 3.589 Thread 0x0000027dc5b3b4a0 Exception <a 'java/lang/NoSuchMethodError'{0x000000008ab921e0}: 'void java.lang.invoke.DirectMethodHandle$Holder.invokeSpecial(java.lang.Object, java.lang.Object, java.lang.Object, java.lang.Object, java.lang.Object)'> (0x000000008ab921e0) 
thrown [s\open\src\hotspot\share\interpreter\linkResolver.cpp, line 805]
Event: 3.592 Thread 0x0000027dc5b3b4a0 Exception <a 'java/lang/NoSuchMethodError'{0x000000008abdc5e8}: 'long java.lang.invoke.DirectMethodHandle$Holder.invokeStatic(java.lang.Object, long, long)'> (0x000000008abdc5e8) 
thrown [s\open\src\hotspot\share\interpreter\linkResolver.cpp, line 805]
Event: 3.595 Thread 0x0000027dc5b26d00 Exception <a 'java/lang/NoSuchMethodError'{0x000000008b30a668}: 'int java.lang.invoke.DirectMethodHandle$Holder.invokeStatic(java.lang.Object, int, java.lang.Object)'> (0x000000008b30a668) 
thrown [s\open\src\hotspot\share\interpreter\linkResolver.cpp, line 805]
Event: 3.595 Thread 0x0000027dc5b26d00 Exception <a 'java/lang/NoSuchMethodError'{0x000000008b328870}: 'java.lang.Object java.lang.invoke.DirectMethodHandle$Holder.newInvokeSpecial(java.lang.Object, java.lang.Object, int)'> (0x000000008b328870) 
thrown [s\open\src\hotspot\share\interpreter\linkResolver.cpp, line 805]

VM Operations (12 events):
Event: 0.092 Executing VM operation: HandshakeAllThreads (Deoptimize)
Event: 0.093 Executing VM operation: HandshakeAllThreads (Deoptimize) done
Event: 0.316 Executing VM operation: HandshakeAllThreads (Deoptimize)
Event: 0.316 Executing VM operation: HandshakeAllThreads (Deoptimize) done
Event: 0.319 Executing VM operation: HandshakeAllThreads (Deoptimize)
Event: 0.319 Executing VM operation: HandshakeAllThreads (Deoptimize) done
Event: 2.301 Executing VM operation: HandshakeAllThreads (Deoptimize)
Event: 2.301 Executing VM operation: HandshakeAllThreads (Deoptimize) done
Event: 2.361 Executing VM operation: HandshakeAllThreads (Deoptimize)
Event: 2.361 Executing VM operation: HandshakeAllThreads (Deoptimize) done
Event: 3.517 Executing VM operation: HandshakeAllThreads (Deoptimize)
Event: 3.517 Executing VM operation: HandshakeAllThreads (Deoptimize) done

Memory protections (0 events):
No events

Nmethod flushes (0 events):
No events

Events (20 events):
Event: 0.114 Thread 0x0000027dcb2615e0 Thread added: 0x0000027dc51cbf90
Event: 0.206 Thread 0x0000027dcb2615e0 Thread added: 0x0000027dc53595a0
Event: 0.206 Thread 0x0000027dcb2615e0 Thread added: 0x0000027dc535bcf0
Event: 0.346 Thread 0x0000027dcb2615e0 Thread added: 0x0000027dc56c96a0
Event: 2.223 Thread 0x0000027dc50fd3d0 Thread exited: 0x0000027dc50fd3d0
Event: 2.223 Thread 0x0000027dc56c96a0 Thread exited: 0x0000027dc56c96a0
Event: 2.269 Thread 0x0000027de84772f0 Thread added: 0x0000027dc56cb470
Event: 2.293 Thread 0x0000027dcb2615e0 Thread added: 0x0000027dc5a186d0
Event: 2.695 Thread 0x0000027dc56cb470 Thread exited: 0x0000027dc56cb470
Event: 2.722 Thread 0x0000027dcb2615e0 Thread added: 0x0000027dc5b26d00
Event: 3.464 Thread 0x0000027dcb2615e0 Thread added: 0x0000027dc5fe1e50
Event: 3.465 Thread 0x0000027dcb2615e0 Thread added: 0x0000027dc5fe95c0
Event: 3.465 Thread 0x0000027dcb2615e0 Thread added: 0x0000027dc5fe9d00
Event: 3.470 Thread 0x0000027dc5fe95c0 Thread added: 0x0000027dc5fea850
Event: 3.517 Thread 0x0000027dc5fea850 Thread added: 0x0000027dc5b3bbf0
Event: 3.553 Thread 0x0000027dcb2615e0 Thread added: 0x0000027dc5b3b4a0
Event: 3.558 Thread 0x0000027dcb2615e0 Thread added: 0x0000027dc5b3c340
Event: 3.597 Thread 0x0000027dc5b26d00 Thread added: 0x0000027dc5b3ca90
Event: 3.599 Thread 0x0000027dc5b26d00 Thread added: 0x0000027dc5b3d1e0
Event: 3.600 Thread 0x0000027dc5b26d00 Thread added: 0x0000027dc5b3d930


Dynamic libraries:
0x00007ff772700000 - 0x00007ff772710000 	C:\Program Files\Java\jdk-24\bin\java.exe
0x00007ff8e1ee0000 - 0x00007ff8e2148000 	C:\WINDOWS\SYSTEM32\ntdll.dll
0x00007ff8e1000000 - 0x00007ff8e10c9000 	C:\WINDOWS\System32\KERNEL32.DLL
0x00007ff8de970000 - 0x00007ff8ded61000 	C:\WINDOWS\System32\KERNELBASE.dll
0x00007ff8df890000 - 0x00007ff8df9db000 	C:\WINDOWS\System32\ucrtbase.dll
0x00007ff8ce4c0000 - 0x00007ff8ce4d6000 	C:\Program Files\Java\jdk-24\bin\jli.dll
0x00007ff8cdeb0000 - 0x00007ff8cdecb000 	C:\Program Files\Java\jdk-24\bin\VCRUNTIME140.dll
0x00007ff8e1840000 - 0x00007ff8e1a06000 	C:\WINDOWS\System32\USER32.dll
0x00007ff8de940000 - 0x00007ff8de967000 	C:\WINDOWS\System32\win32u.dll
0x00007ff8ba530000 - 0x00007ff8ba7c3000 	C:\WINDOWS\WinSxS\amd64_microsoft.windows.common-controls_6595b64144ccf1df_6.0.26100.7824_none_3e0870b2e3345462\COMCTL32.dll
0x00007ff8e1d70000 - 0x00007ff8e1e19000 	C:\WINDOWS\System32\msvcrt.dll
0x00007ff8e1ba0000 - 0x00007ff8e1bcb000 	C:\WINDOWS\System32\GDI32.dll
0x00007ff8df9e0000 - 0x00007ff8dfb0b000 	C:\WINDOWS\System32\gdi32full.dll
0x00007ff8deec0000 - 0x00007ff8def63000 	C:\WINDOWS\System32\msvcp_win.dll
0x00007ff8e0f90000 - 0x00007ff8e0fc1000 	C:\WINDOWS\System32\IMM32.DLL
0x00007ff8d9e70000 - 0x00007ff8d9e7c000 	C:\Program Files\Java\jdk-24\bin\vcruntime140_1.dll
0x00007ff8bc180000 - 0x00007ff8bc20e000 	C:\Program Files\Java\jdk-24\bin\msvcp140.dll
0x00007ff88f4e0000 - 0x00007ff890281000 	C:\Program Files\Java\jdk-24\bin\server\jvm.dll
0x00007ff8e0ed0000 - 0x00007ff8e0f84000 	C:\WINDOWS\System32\ADVAPI32.dll
0x00007ff8e1290000 - 0x00007ff8e1336000 	C:\WINDOWS\System32\sechost.dll
0x00007ff8e1720000 - 0x00007ff8e1838000 	C:\WINDOWS\System32\RPCRT4.dll
0x00007ff8dfc80000 - 0x00007ff8dfcf4000 	C:\WINDOWS\System32\WS2_32.dll
0x00007ff8de620000 - 0x00007ff8de67e000 	C:\WINDOWS\SYSTEM32\POWRPROF.dll
0x00007ff8d3ab0000 - 0x00007ff8d3ae5000 	C:\WINDOWS\SYSTEM32\WINMM.dll
0x00007ff8cb100000 - 0x00007ff8cb10b000 	C:\WINDOWS\SYSTEM32\VERSION.dll
0x00007ff8de600000 - 0x00007ff8de614000 	C:\WINDOWS\SYSTEM32\UMPDC.dll
0x00007ff8dd560000 - 0x00007ff8dd57b000 	C:\WINDOWS\SYSTEM32\kernel.appcore.dll
0x00007ff8d99d0000 - 0x00007ff8d99da000 	C:\Program Files\Java\jdk-24\bin\jimage.dll
0x00007ff8dc730000 - 0x00007ff8dc972000 	C:\WINDOWS\SYSTEM32\DBGHELP.DLL
0x00007ff8e1340000 - 0x00007ff8e16c6000 	C:\WINDOWS\System32\combase.dll
0x00007ff8e1a30000 - 0x00007ff8e1b07000 	C:\WINDOWS\System32\OLEAUT32.dll
0x00007ff8b9cf0000 - 0x00007ff8b9d2b000 	C:\WINDOWS\SYSTEM32\dbgcore.DLL
0x00007ff8def70000 - 0x00007ff8df015000 	C:\WINDOWS\System32\bcryptPrimitives.dll
0x00007ff8d99a0000 - 0x00007ff8d99af000 	C:\Program Files\Java\jdk-24\bin\instrument.dll
0x00007ff8cde90000 - 0x00007ff8cdeae000 	C:\Program Files\Java\jdk-24\bin\java.dll
0x00007ff8e1bd0000 - 0x00007ff8e1d67000 	C:\WINDOWS\System32\ole32.dll
0x00007ff8e04e0000 - 0x00007ff8e0c32000 	C:\WINDOWS\System32\SHELL32.dll
0x00007ff8dfb10000 - 0x00007ff8dfc7a000 	C:\WINDOWS\System32\wintypes.dll
0x00007ff8df020000 - 0x00007ff8df883000 	C:\WINDOWS\System32\windows.storage.dll
0x00007ff8e1190000 - 0x00007ff8e1286000 	C:\WINDOWS\System32\SHCORE.dll
0x00007ff8dfee0000 - 0x00007ff8dff47000 	C:\WINDOWS\System32\shlwapi.dll
0x00007ff8de6e0000 - 0x00007ff8de709000 	C:\WINDOWS\SYSTEM32\profapi.dll
0x00007ff8bbac0000 - 0x00007ff8bbb97000 	C:\Program Files\Java\jdk-24\bin\jsvml.dll
0x00007ff8bd490000 - 0x00007ff8bd4a7000 	C:\Program Files\Java\jdk-24\bin\zip.dll
0x00007ff8ce500000 - 0x00007ff8ce510000 	C:\Program Files\Java\jdk-24\bin\net.dll
0x00007ff8ddad0000 - 0x00007ff8ddb3b000 	C:\WINDOWS\system32\mswsock.dll
0x00007ff8cda50000 - 0x00007ff8cda66000 	C:\Program Files\Java\jdk-24\bin\nio.dll
0x00007ff8ce4b0000 - 0x00007ff8ce4b9000 	C:\Program Files\Java\jdk-24\bin\extnet.dll
0x00007ff8dcfa0000 - 0x00007ff8dd0cc000 	C:\WINDOWS\SYSTEM32\DNSAPI.dll
0x00007ff8dcf60000 - 0x00007ff8dcf94000 	C:\WINDOWS\SYSTEM32\IPHLPAPI.DLL
0x00007ff8e1a10000 - 0x00007ff8e1a1a000 	C:\WINDOWS\System32\NSI.dll
0x00007ff8d3490000 - 0x00007ff8d349b000 	C:\Windows\System32\rasadhlp.dll
0x00007ff8d6140000 - 0x00007ff8d61c6000 	C:\WINDOWS\System32\fwpuclnt.dll
0x00007ff8cde00000 - 0x00007ff8cde0a000 	C:\Program Files\Java\jdk-24\bin\management.dll
0x00007ff8cdde0000 - 0x00007ff8cddeb000 	C:\Program Files\Java\jdk-24\bin\management_ext.dll
0x00007ff8e10d0000 - 0x00007ff8e10d8000 	C:\WINDOWS\System32\PSAPI.DLL
0x00007ff8ddda0000 - 0x00007ff8dddbb000 	C:\WINDOWS\SYSTEM32\CRYPTSP.dll
0x00007ff8dd4c0000 - 0x00007ff8dd4f9000 	C:\WINDOWS\system32\rsaenh.dll
0x00007ff8ddb80000 - 0x00007ff8ddbab000 	C:\WINDOWS\SYSTEM32\USERENV.dll
0x00007ff8de6b0000 - 0x00007ff8de6da000 	C:\WINDOWS\SYSTEM32\bcrypt.dll
0x00007ff8dddc0000 - 0x00007ff8dddcc000 	C:\WINDOWS\SYSTEM32\CRYPTBASE.dll
0x00007ff8cd9d0000 - 0x00007ff8cd9de000 	C:\Program Files\Java\jdk-24\bin\sunmscapi.dll
0x00007ff8de7c0000 - 0x00007ff8de937000 	C:\WINDOWS\System32\CRYPT32.dll
0x00007ff8ddfc0000 - 0x00007ff8ddff0000 	C:\WINDOWS\SYSTEM32\ncrypt.dll
0x00007ff8ddf70000 - 0x00007ff8ddfaf000 	C:\WINDOWS\SYSTEM32\NTASN1.dll
0x00007ff8b0ac0000 - 0x00007ff8b0ac8000 	C:\WINDOWS\system32\wshunix.dll

JVMTI agents:
C:\Program Files\JetBrains\IntelliJ IDEA Community Edition 2025.1.2\lib\idea_rt.jar path:C:\Program Files\Java\jdk-24\bin\instrument.dll, loaded, initialized, instrumentlib options:57430

dbghelp: loaded successfully - version: 4.0.5 - missing functions: none
symbol engine: initialized successfully - sym options: 0x614 - pdb path: .;C:\Program Files\Java\jdk-24\bin;C:\WINDOWS\SYSTEM32;C:\WINDOWS\WinSxS\amd64_microsoft.windows.common-controls_6595b64144ccf1df_6.0.26100.7824_none_3e0870b2e3345462;C:\Program Files\Java\jdk-24\bin\server

VM Arguments:
jvm_args: -javaagent:C:\Program Files\JetBrains\IntelliJ IDEA Community Edition 2025.1.2\lib\idea_rt.jar=57430 -Dfile.encoding=UTF-8 -Dsun.stdout.encoding=UTF-8 -Dsun.stderr.encoding=UTF-8 
java_command: edu.school.project.Main
java_class_path (initial): C:\Users\Prathyusha\Desktop\java\selenium\target\classes;C:\Users\Prathyusha\.m2\repository\org\seleniumhq\selenium\selenium-java\4.29.0\selenium-java-4.29.0.jar;C:\Users\Prathyusha\.m2\repository\org\seleniumhq\selenium\selenium-api\4.29.0\selenium-api-4.29.0.jar;C:\Users\Prathyusha\.m2\repository\org\jspecify\jspecify\1.0.0\jspecify-1.0.0.jar;C:\Users\Prathyusha\.m2\repository\org\seleniumhq\selenium\selenium-chrome-driver\4.29.0\selenium-chrome-driver-4.29.0.jar;C:\Users\Prathyusha\.m2\repository\com\google\auto\service\auto-service-annotations\1.1.1\auto-service-annotations-1.1.1.jar;C:\Users\Prathyusha\.m2\repository\org\seleniumhq\selenium\selenium-chromium-driver\4.29.0\selenium-chromium-driver-4.29.0.jar;C:\Users\Prathyusha\.m2\repository\org\seleniumhq\selenium\selenium-json\4.29.0\selenium-json-4.29.0.jar;C:\Users\Prathyusha\.m2\repository\org\seleniumhq\selenium\selenium-manager\4.29.0\selenium-manager-4.29.0.jar;C:\Users\Prathyusha\.m2\repository\org\seleniumhq\selenium\selenium-devtools-v131\4.29.0\selenium-devtools-v131-4.29.0.jar;C:\Users\Prathyusha\.m2\repository\org\seleniumhq\selenium\selenium-devtools-v132\4.29.0\selenium-devtools-v132-4.29.0.jar;C:\Users\Prathyusha\.m2\repository\org\seleniumhq\selenium\selenium-devtools-v133\4.29.0\selenium-devtools-v133-4.29.0.jar;C:\Users\Prathyusha\.m2\repository\org\seleniumhq\selenium\selenium-devtools-v85\4.29.0\selenium-devtools-v85-4.29.0.jar;C:\Users\Prathyusha\.m2\repository\org\seleniumhq\selenium\selenium-edge-driver\4.29.0\selenium-edge-driver-4.29.0.jar;C:\Users\Prathyusha\.m2\repository\org\seleniumhq\selenium\selenium-firefox-driver\4.29.0\selenium-firefox-driver-4.29.0.jar;C:\Users\Prathyusha\.m2\repository\org\seleniumhq\selenium\selenium-http\4.29.0\selenium-http-4.29.0.jar;C:\Users\Prathyusha\.m2\repository\org\seleniumhq\selenium\selenium-ie-driver\4.29.0\selenium-ie-driver-4.29.0.jar;C:\Users\Prathyusha\.m2\repository\org\seleniumhq\selenium\selenium-remote-driver\4.29.0\selenium-remote-driver-4.29.0.jar;C:\Users\Prathyusha\.m2\repository\com\google\guava\guava\33.4.0-jre\guava-33.4.0-jre.jar;C:\Users\Prathyusha\.m2\repository\com\google\guava\failureaccess\1.0.2\failureaccess-1.0.2.jar;C:\Users\Prathyusha\.m2\repository\com\google\guava\listenablefuture\9999.0-empty-to-avoid-conflict-with-guava\listenablefuture-9999.0-empty-to-avoid-conflict-with-guava.jar;C:\Users\Prathyusha\.m2\repository\com\google\code\findbugs\jsr305\3.0.2\jsr305-3.0.2.jar;C:\Users\Prathyusha\.m2\repository\org\checkerframework\checker-qual\3.43.0\checker-qual-3.43.0.jar;C:\Users\Prathyusha\.m2\repository\com\google\errorprone\error_prone_annotations\2.36.0\error_prone_annotations-2.36.0.jar;C:\Users\Prathyusha\.m2\repository\com\google\j2objc\j2objc-annotations\3.0.0\j2objc-annotations-3.0.0.jar;C:\Users\Prathyusha\.m2\repository\io\opentelemetry\semconv\opentelemetry-semconv\1.28.0-alpha\opentelemetry-semconv-1.28.0-alpha.jar;C:\Users\Prathyusha\.m2\repository\io\opentelemetry\opentelemetry-api\1.46.0\opentelemetry-api-1.46.0.jar;C:\Users\Prathyusha\.m2\repository\io\opentelemetry\opentelemetry-context\1.46.0\opentelemetry-context-1.46.0.jar;C:\Users\Prathyusha\.m2\repository\io\opentelemetry\opentelemetry-exporter-logging\1.46.0\opentelemetry-exporter-logging-1.46.0.jar;C:\Users\Prathyusha\.m2\repository\io\opentelemetry\opentelemetry-sdk-common\1.46.0\opentelemetry-sdk-common-1.46.0.jar;C:\Users\Prathyusha\.m2\repository\io\opentelemetry\opentelemetry-sdk-extension-autoconfigure-spi\1.46.0\opentelemetry-sdk-extension-autoconfigure-spi-1.46.0.jar;C:\Users\Prathyusha\.m2\repository\io\opentelemetry\opentelemetry-sdk-extension-autoconfigure\1.46.0\opentelemetry-sdk-extension-autoconfigure-1.46.0.jar;C:\Users\Prathyusha\.m2\repository\io\opentelemetry\opentelemetry-api-incubator\1.46.0-alpha\opentelemetry-api-incubator-1.46.0-alpha.jar;C:\Users\Prathyusha\.m2\repository\io\opentelemetry\opentelemetry-sdk-trace\1.46.0\opentelemetry-sdk-trace-1.46.0.jar;C:\Users\Prathyusha\.m2\repository\io\opentelemetry\opentelemetry-sdk\1.46.0\opentelemetry-sdk-1.46.0.jar;C:\Users\Prathyusha\.m2\repository\io\opentelemetry\opentelemetry-sdk-metrics\1.46.0\opentelemetry-sdk-metrics-1.46.0.jar;C:\Users\Prathyusha\.m2\repository\io\opentelemetry\opentelemetry-sdk-logs\1.46.0\opentelemetry-sdk-logs-1.46.0.jar;C:\Users\Prathyusha\.m2\repository\net\bytebuddy\byte-buddy\1.15.11\byte-buddy-1.15.11.jar;C:\Users\Prathyusha\.m2\repository\org\seleniumhq\selenium\selenium-os\4.29.0\selenium-os-4.29.0.jar;C:\Users\Prathyusha\.m2\repository\org\apache\commons\commons-exec\1.4.0\commons-exec-1.4.0.jar;C:\Users\Prathyusha\.m2\repository\org\seleniumhq\selenium\selenium-safari-driver\4.29.0\selenium-safari-driver-4.29.0.jar;C:\Users\Prathyusha\.m2\repository\org\seleniumhq\selenium\selenium-support\4.29.0\selenium-support-4.29.0.jar
Launcher Type: SUN_STANDARD

[Global flags]
     intx CICompilerCount                          = 4                                         {product} {ergonomic}
     uint ConcGCThreads                            = 3                                         {product} {ergonomic}
     uint G1ConcRefinementThreads                  = 10                                        {product} {ergonomic}
   size_t G1HeapRegionSize                         = 1048576                                   {product} {ergonomic}
   size_t InitialHeapSize                          = 130023424                                 {product} {ergonomic}
   size_t MarkStackSize                            = 4194304                                   {product} {ergonomic}
   size_t MarkStackSizeMax                         = 536870912                                 {product} {ergonomic}
   size_t MaxHeapSize                              = 2061500416                                {product} {ergonomic}
   size_t MaxNewSize                               = 1236271104                                {product} {ergonomic}
   size_t MinHeapDeltaBytes                        = 1048576                                   {product} {ergonomic}
   size_t MinHeapSize                              = 8388608                                   {product} {ergonomic}
    uintx NonNMethodCodeHeapSize                   = 5832704                                {pd product} {ergonomic}
    uintx NonProfiledCodeHeapSize                  = 122945536                              {pd product} {ergonomic}
    uintx ProfiledCodeHeapSize                     = 122880000                              {pd product} {ergonomic}
    uintx ReservedCodeCacheSize                    = 251658240                              {pd product} {ergonomic}
     bool SegmentedCodeCache                       = true                                      {product} {ergonomic}
   size_t SoftMaxHeapSize                          = 2061500416                             {manageable} {ergonomic}
     bool UseCompressedOops                        = true                           {product lp64_product} {ergonomic}
     bool UseG1GC                                  = true                                      {product} {ergonomic}
     bool UseLargePagesIndividualAllocation        = false                                  {pd product} {ergonomic}

Logging:
Log output configuration:
 #0: stdout all=warning uptime,level,tags foldmultilines=false
 #1: stderr all=off uptime,level,tags foldmultilines=false

Environment Variables:
JAVA_HOME=C:\Program Files\Java\jdk-24
PATH=C:\Python313\Scripts\;C:\Python313\;C:\Program Files\Common Files\Oracle\Java\javapath;C:\Program Files (x86)\Common Files\Oracle\Java\javapath;C:\WINDOWS\system32;C:\WINDOWS;C:\WINDOWS\System32\Wbem;C:\WINDOWS\System32\WindowsPowerShell\v1.0\;C:\WINDOWS\System32\OpenSSH\;C:\Program Files\MySQL\MySQL Server 8.0\bin;C:\Program Files\Java\jdk1.8.0_202;C:\Program Files\Java\jdk-24\bin;C:\Users\Prathyusha\AppData\Local\Android\Sdk\platform-tools;C:\Users\Prathyusha\AppData\Local\Android\Sdk\tools;C:\Users\Prathyusha\AppData\Local\Android\Sdk\build_tools;C:\ProgramData\chocolatey\bin;C:\Users\Prathyusha\AppData\Local\Android\Sdk;C:\Maven\bin;C:\Program Files\Java\jdk-24\bin;C:\Program Files\nodejs\;C:\Python313\Scripts;C:\Users\Prathyusha\AppData\Local\Programs\Python\Python39\Scripts;C:\Python313\Scripts;C:\Program Files\Git\cmd;C:\Program Files\Git\cmd;C:\Program Files\Java\jdk1.8.0_202\bin;C:\Users\Prathyusha\AppData\Local\Programs\Eclipse Adoptium\jdk-11.0.28.6-hotspot\bin;C:\Program Files\MySQL\MySQL Shell 8.0\bin\;C:\Users\Prathyusha\AppData\Local\Microsoft\WindowsApps;C:\Users\Prathyusha\AppData\Local\Programs\Microsoft VS Code\bin;C:\Users\Prathyusha\AppData\Roaming\npm;C:\Users\Prathyusha\AppData\Local\Python\bin;C:\Python313\Scripts;
USERNAME=Prathyusha
OS=Windows_NT
PROCESSOR_IDENTIFIER=Intel64 Family 6 Model 154 Stepping 4, GenuineIntel
TMP=C:\Users\PRATHY~1\AppData\Local\Temp
TEMP=C:\Users\PRATHY~1\AppData\Local\Temp




Periodic native trim disabled

---------------  S Y S T E M  ---------------

OS:
 Windows 11 , 64 bit Build 26100 (10.0.26100.7705)
OS uptime: 25 days 23:45 hours
Hyper-V role detected

CPU: total 12 (initial active 12) (6 cores per cpu, 2 threads per core) family 6 model 154 stepping 4 microcode 0x42c, cx8, cmov, fxsr, ht, mmx, 3dnowpref, sse, sse2, sse3, ssse3, sse4.1, sse4.2, popcnt, lzcnt, tsc, tscinvbit, avx, avx2, aes, erms, clmul, bmi1, bmi2, adx, sha, fma, vzeroupper, clflush, clflushopt, clwb, hv, serialize, rdtscp, rdpid, fsrm, gfni, f16c, cet_ibt, cet_ss
Processor Information for processor 0
  Max Mhz: 1300, Current Mhz: 1300, Mhz Limit: 1300
Processor Information for processor 1
  Max Mhz: 1300, Current Mhz: 1300, Mhz Limit: 1300
Processor Information for processor 2
  Max Mhz: 1300, Current Mhz: 1300, Mhz Limit: 1300
Processor Information for processor 3
  Max Mhz: 1300, Current Mhz: 1300, Mhz Limit: 1300
Processor Information for processor 4
  Max Mhz: 1300, Current Mhz: 900, Mhz Limit: 897
Processor Information for processor 5
  Max Mhz: 1300, Current Mhz: 900, Mhz Limit: 897
Processor Information for processor 6
  Max Mhz: 1300, Current Mhz: 900, Mhz Limit: 897
Processor Information for processor 7
  Max Mhz: 1300, Current Mhz: 900, Mhz Limit: 897
Processor Information for processor 8
  Max Mhz: 1300, Current Mhz: 900, Mhz Limit: 897
Processor Information for processor 9
  Max Mhz: 1300, Current Mhz: 900, Mhz Limit: 897
Processor Information for processor 10
  Max Mhz: 1300, Current Mhz: 900, Mhz Limit: 897
Processor Information for processor 11
  Max Mhz: 1300, Current Mhz: 900, Mhz Limit: 897

Memory: 4k page, system-wide physical 7863M (875M free)
TotalPageFile size 20363M (AvailPageFile size 5M)
current process WorkingSet (physical memory assigned to process): 105M, peak: 105M
current process commit charge ("private bytes"): 238M, peak: 246M

vm_info: Java HotSpot(TM) 64-Bit Server VM (24.0.2+12-54) for windows-amd64 JRE (24.0.2+12-54), built on 2025-07-08T12:10:27Z with MS VC++ 17.6 (VS2022)

END.
